\BOOKMARK [0][]{chapter.1}{\376\377\0001\000\040\000P\000r\000o\000j\000e\000c\000t\000\040\000O\000v\000e\000r\000v\000i\000e\000w}{}% 1
\BOOKMARK [1][]{section.1.1}{\376\377\0001\000.\0001\000\040\000G\000o\000a\000l\000s}{chapter.1}% 2
\BOOKMARK [0][]{chapter.2}{\376\377\0002\000\040\000C\000o\000r\000e\000\040\000P\000h\000i\000l\000o\000s\000o\000p\000h\000y}{}% 3
\BOOKMARK [1][]{section.2.1}{\376\377\0002\000.\0001\000\040\000L\000o\000c\000a\000l\000-\000F\000i\000r\000s\000t\000\040\000A\000r\000c\000h\000i\000t\000e\000c\000t\000u\000r\000e}{chapter.2}% 4
\BOOKMARK [1][]{section.2.2}{\376\377\0002\000.\0002\000\040\000U\000s\000e\000r\000-\000C\000o\000n\000t\000r\000o\000l\000l\000e\000d\000\040\000A\000u\000t\000o\000m\000a\000t\000i\000o\000n}{chapter.2}% 5
\BOOKMARK [1][]{section.2.3}{\376\377\0002\000.\0003\000\040\000P\000r\000i\000o\000r\000i\000t\000y\000\040\000O\000r\000d\000e\000r}{chapter.2}% 6
\BOOKMARK [0][]{chapter.3}{\376\377\0003\000\040\000P\000r\000i\000v\000a\000c\000y\000\040\000P\000r\000i\000n\000c\000i\000p\000l\000e\000s}{}% 7
\BOOKMARK [1][]{section.3.1}{\376\377\0003\000.\0001\000\040\000D\000a\000t\000a\000\040\000M\000i\000n\000i\000m\000i\000z\000a\000t\000i\000o\000n}{chapter.3}% 8
\BOOKMARK [1][]{section.3.2}{\376\377\0003\000.\0002\000\040\000N\000o\000\040\000C\000e\000n\000t\000r\000a\000l\000\040\000U\000s\000e\000r\000\040\000D\000a\000t\000a\000b\000a\000s\000e}{chapter.3}% 9
\BOOKMARK [0][]{chapter.4}{\376\377\0004\000\040\000S\000u\000p\000p\000o\000r\000t\000e\000d\000\040\000P\000l\000a\000t\000f\000o\000r\000m\000s}{}% 10
\BOOKMARK [0][]{chapter.5}{\376\377\0005\000\040\000I\000n\000s\000t\000a\000l\000l\000a\000t\000i\000o\000n}{}% 11
\BOOKMARK [0][]{chapter.6}{\376\377\0006\000\040\000U\000s\000e\000r\000\040\000A\000u\000t\000h\000e\000n\000t\000i\000c\000a\000t\000i\000o\000n\000\040\000a\000n\000d\000\040\000E\000n\000c\000r\000y\000p\000t\000i\000o\000n}{}% 12
\BOOKMARK [1][]{section.6.1}{\376\377\0006\000.\0001\000\040\000L\000o\000c\000a\000l\000\040\000A\000u\000t\000h\000e\000n\000t\000i\000c\000a\000t\000i\000o\000n}{chapter.6}% 13
\BOOKMARK [1][]{section.6.2}{\376\377\0006\000.\0002\000\040\000P\000a\000s\000s\000w\000o\000r\000d\000\040\000R\000e\000q\000u\000i\000r\000e\000m\000e\000n\000t\000s}{chapter.6}% 14
\BOOKMARK [1][]{section.6.3}{\376\377\0006\000.\0003\000\040\000E\000n\000c\000r\000y\000p\000t\000i\000o\000n\000\040\000M\000o\000d\000e\000l}{chapter.6}% 15
\BOOKMARK [1][]{section.6.4}{\376\377\0006\000.\0004\000\040\000R\000e\000c\000o\000v\000e\000r\000y}{chapter.6}% 16
\BOOKMARK [2][]{subsection.6.4.1}{\376\377\0006\000.\0004\000.\0001\000\040\000L\000a\000y\000e\000r\000\040\0001\000\040\040\024\000\040\000T\000h\000e\000\040\000D\000a\000t\000a\000\040\000E\000n\000c\000r\000y\000p\000t\000i\000o\000n\000\040\000K\000e\000y\000\040\000\050\000D\000E\000K\000\051}{section.6.4}% 17
\BOOKMARK [2][]{subsection.6.4.2}{\376\377\0006\000.\0004\000.\0002\000\040\000L\000a\000y\000e\000r\000\040\0002\000\040\040\024\000\040\000K\000e\000y\000\040\000S\000l\000o\000t\000s}{section.6.4}% 18
\BOOKMARK [1][]{section.6.5}{\376\377\0006\000.\0005\000\040\000H\000o\000w\000\040\000u\000n\000l\000o\000c\000k\000i\000n\000g\000\040\000w\000o\000r\000k\000s}{chapter.6}% 19
\BOOKMARK [1][]{section.6.6}{\376\377\0006\000.\0006\000\040\000W\000h\000y\000\040\000T\000h\000i\000s\000\040\000I\000s\000\040\000S\000e\000c\000u\000r\000e}{chapter.6}% 20
\BOOKMARK [1][]{section.6.7}{\376\377\0006\000.\0007\000\040\000R\000e\000c\000o\000v\000e\000r\000y\000\040\000K\000e\000y\000\040\000R\000e\000g\000e\000n\000e\000r\000a\000t\000i\000o\000n}{chapter.6}% 21
\BOOKMARK [1][]{section.6.8}{\376\377\0006\000.\0008\000\040\000W\000h\000y\000\040\000T\000h\000i\000s\000\040\000P\000r\000e\000s\000e\000r\000v\000e\000s\000\040\000t\000h\000e\000\040\000S\000e\000c\000u\000r\000i\000t\000y\000\040\000G\000u\000a\000r\000a\000n\000t\000e\000e}{chapter.6}% 22
\BOOKMARK [1][]{section.6.9}{\376\377\0006\000.\0009\000\040\000O\000p\000t\000-\000O\000u\000t}{chapter.6}% 23
\BOOKMARK [0][]{chapter.7}{\376\377\0007\000\040\000I\000d\000e\000n\000t\000i\000t\000y\000\040\000M\000a\000n\000a\000g\000e\000m\000e\000n\000t}{}% 24
\BOOKMARK [1][]{section.7.1}{\376\377\0007\000.\0001\000\040\000I\000d\000e\000n\000t\000i\000t\000y\000\040\000P\000r\000o\000f\000i\000l\000e\000s}{chapter.7}% 25
\BOOKMARK [0][]{chapter.8}{\376\377\0008\000\040\000P\000r\000i\000v\000a\000c\000y\000\040\000R\000u\000l\000e\000s}{}% 26
\BOOKMARK [0][]{chapter.9}{\376\377\0009\000\040\000L\000e\000g\000a\000l\000\040\000F\000r\000a\000m\000e\000w\000o\000r\000k\000\040\000S\000u\000p\000p\000o\000r\000t}{}% 27
\BOOKMARK [0][]{chapter.10}{\376\377\0001\0000\000\040\000P\000r\000i\000v\000a\000c\000y\000\040\000R\000e\000q\000u\000e\000s\000t\000\040\000T\000y\000p\000e\000s}{}% 28
\BOOKMARK [0][]{chapter.11}{\376\377\0001\0001\000\040\000R\000e\000q\000u\000e\000s\000t\000\040\000W\000o\000r\000k\000f\000l\000o\000w}{}% 29
\BOOKMARK [0][]{chapter.12}{\376\377\0001\0002\000\040\000B\000u\000l\000k\000\040\000A\000c\000t\000i\000o\000n\000s}{}% 30
\BOOKMARK [0][]{chapter.13}{\376\377\0001\0003\000\040\000C\000o\000m\000p\000a\000n\000y\000\040\000D\000a\000t\000a\000b\000a\000s\000e}{}% 31
\BOOKMARK [1][]{section.13.1}{\376\377\0001\0003\000.\0001\000\040\000C\000o\000m\000p\000a\000n\000y\000\040\000R\000e\000c\000o\000r\000d\000s}{chapter.13}% 32
\BOOKMARK [0][]{chapter.14}{\376\377\0001\0004\000\040\000C\000o\000m\000m\000u\000n\000i\000t\000y\000\040\000D\000a\000t\000a\000b\000a\000s\000e\000\040\000S\000y\000s\000t\000e\000m}{}% 33
\BOOKMARK [1][]{section.14.1}{\376\377\0001\0004\000.\0001\000\040\000R\000e\000v\000i\000e\000w\000\040\000P\000r\000o\000c\000e\000s\000s}{chapter.14}% 34
\BOOKMARK [1][]{section.14.2}{\376\377\0001\0004\000.\0002\000\040\000S\000u\000b\000m\000i\000s\000s\000i\000o\000n\000\040\000V\000e\000r\000i\000f\000i\000c\000a\000t\000i\000o\000n}{chapter.14}% 35
\BOOKMARK [1][]{section.14.3}{\376\377\0001\0004\000.\0003\000\040\000P\000o\000s\000t\000-\000A\000p\000p\000r\000o\000v\000a\000l\000\040\000F\000l\000a\000g\000g\000i\000n\000g}{chapter.14}% 36
\BOOKMARK [0][]{chapter.15}{\376\377\0001\0005\000\040\000L\000o\000c\000a\000l\000\040\000a\000n\000d\000\040\000G\000l\000o\000b\000a\000l\000\040\000D\000a\000t\000a\000b\000a\000s\000e}{}% 37
\BOOKMARK [0][]{chapter.16}{\376\377\0001\0006\000\040\000E\000-\000M\000a\000i\000l\000\040\000I\000n\000t\000e\000g\000r\000a\000t\000i\000o\000n}{}% 38
\BOOKMARK [1][]{section.16.1}{\376\377\0001\0006\000.\0001\000\040\000E\000-\000M\000a\000i\000l\000\040\000F\000e\000a\000t\000u\000r\000e\000s}{chapter.16}% 39
\BOOKMARK [0][]{chapter.17}{\376\377\0001\0007\000\040\000B\000r\000o\000w\000s\000e\000r\000\040\000A\000u\000t\000o\000m\000a\000t\000i\000o\000n}{}% 40
\BOOKMARK [0][]{chapter.18}{\376\377\0001\0008\000\040\000Q\000u\000e\000u\000e\000\040\000S\000y\000s\000t\000e\000m}{}% 41
\BOOKMARK [0][]{chapter.19}{\376\377\0001\0009\000\040\000P\000r\000i\000v\000a\000c\000y\000\040\000S\000c\000o\000r\000e}{}% 42
\BOOKMARK [0][]{chapter.20}{\376\377\0002\0000\000\040\000D\000o\000c\000u\000m\000e\000n\000t\000\040\000P\000r\000o\000t\000e\000c\000t\000i\000o\000n}{}% 43
\BOOKMARK [0][]{chapter.21}{\376\377\0002\0001\000\040\000P\000l\000u\000g\000i\000n\000s}{}% 44
\BOOKMARK [0][]{chapter.22}{\376\377\0002\0002\000\040\000A\000I\000\040\000P\000o\000l\000i\000c\000y}{}% 45
\BOOKMARK [0][]{chapter.23}{\376\377\0002\0003\000\040\000C\000h\000a\000p\000t\000e\000r\000\040\000T\000i\000t\000l\000e\000\040\000H\000e\000r\000e}{}% 46
\BOOKMARK [0][]{chapter.24}{\376\377\0002\0004\000\040\000N\000o\000t\000i\000f\000i\000c\000a\000t\000i\000o\000n\000s}{}% 47
\BOOKMARK [0][]{chapter.25}{\376\377\0002\0005\000\040\000B\000a\000c\000k\000u\000p\000\040\000S\000y\000s\000t\000e\000m}{}% 48
\BOOKMARK [1][]{section.25.1}{\376\377\0002\0005\000.\0001\000\040\000I\000n\000t\000e\000g\000r\000i\000t\000y\000\040\000V\000e\000r\000i\000f\000i\000c\000a\000t\000i\000o\000n}{chapter.25}% 49
\BOOKMARK [0][]{chapter.26}{\376\377\0002\0006\000\040\000U\000p\000d\000a\000t\000e\000s}{}% 50
\BOOKMARK [0][]{chapter.27}{\376\377\0002\0007\000\040\000I\000n\000t\000e\000r\000f\000a\000c\000e}{}% 51
\BOOKMARK [0][]{chapter.28}{\376\377\0002\0008\000\040\000S\000e\000c\000u\000r\000i\000t\000y\000\040\000P\000h\000i\000l\000o\000s\000o\000p\000h\000y}{}% 52
\BOOKMARK [0][]{chapter.29}{\376\377\0002\0009\000\040\000T\000h\000r\000e\000a\000t\000\040\000M\000o\000d\000e\000l}{}% 53
\BOOKMARK [0][]{chapter.30}{\376\377\0003\0000\000\040\000L\000i\000c\000e\000n\000s\000i\000n\000g}{}% 54
\BOOKMARK [1][]{section.30.1}{\376\377\0003\0000\000.\0001\000\040\000D\000e\000c\000i\000s\000i\000o\000n\000\040\000R\000a\000t\000i\000o\000n\000a\000l\000e}{chapter.30}% 55
\BOOKMARK [1][]{section.30.2}{\376\377\0003\0000\000.\0002\000\040\000W\000h\000a\000t\000\040\000T\000h\000i\000s\000\040\000M\000e\000a\000n\000s\000\040\000i\000n\000\040\000P\000r\000a\000c\000t\000i\000c\000e}{chapter.30}% 56
\BOOKMARK [0][]{chapter.31}{\376\377\0003\0001\000\040\000P\000r\000o\000j\000e\000c\000t\000\040\000I\000d\000e\000n\000t\000i\000t\000y}{}% 57
\BOOKMARK [1][]{section.31.1}{\376\377\0003\0001\000.\0001\000\040\000C\000u\000r\000r\000e\000n\000t\000\040\000D\000e\000v\000e\000l\000o\000p\000m\000e\000n\000t\000\040\000S\000t\000a\000t\000u\000s}{chapter.31}% 58
\BOOKMARK [0][]{chapter.32}{\376\377\0003\0002\000\040\000D\000e\000v\000e\000l\000o\000p\000m\000e\000n\000t\000\040\000R\000o\000a\000d\000m\000a\000p}{}% 59
\BOOKMARK [1][]{section.32.1}{\376\377\0003\0002\000.\0001\000\040\000P\000h\000a\000s\000e\000\040\0001\000\040\000F\000i\000n\000a\000l\000i\000z\000e\000\040\000t\000h\000e\000\040\000R\000e\000q\000u\000i\000r\000e\000m\000e\000n\000t\000s\000\040\000S\000p\000e\000c\000i\000f\000i\000c\000a\000t\000i\000o\000n}{chapter.32}% 60
\BOOKMARK [1][]{section.32.2}{\376\377\0003\0002\000.\0002\000\040\000P\000h\000a\000s\000e\000\040\0002\000\040\000S\000y\000s\000t\000e\000m\000\040\000A\000r\000c\000h\000i\000t\000e\000c\000t\000u\000r\000e}{chapter.32}% 61
\BOOKMARK [1][]{section.32.3}{\376\377\0003\0002\000.\0003\000\040\000P\000h\000a\000s\000e\000\040\0003\000\040\000D\000a\000t\000a\000b\000a\000s\000e\000\040\000a\000n\000d\000\040\000D\000a\000t\000a\000\040\000M\000o\000d\000e\000l\000\040\000D\000e\000s\000i\000g\000n}{chapter.32}% 62
\BOOKMARK [1][]{section.32.4}{\376\377\0003\0002\000.\0004\000\040\000P\000h\000a\000s\000e\000\040\0004\000\040\000R\000e\000p\000o\000s\000i\000t\000o\000r\000y\000\040\000a\000n\000d\000\040\000D\000e\000v\000e\000l\000o\000p\000m\000e\000n\000t\000\040\000E\000n\000v\000i\000r\000o\000n\000m\000e\000n\000t}{chapter.32}% 63
\BOOKMARK [1][]{section.32.5}{\376\377\0003\0002\000.\0005\000\040\000P\000h\000a\000s\000e\000\040\0005\000\040\000S\000e\000c\000u\000r\000i\000t\000y\000\040\000F\000o\000u\000n\000d\000a\000t\000i\000o\000n}{chapter.32}% 64
\BOOKMARK [1][]{section.32.6}{\376\377\0003\0002\000.\0006\000\040\000P\000h\000a\000s\000e\000\040\0006\000\040\000C\000o\000r\000e\000\040\000A\000p\000p\000l\000i\000c\000a\000t\000i\000o\000n\000\040\000F\000r\000a\000m\000e\000w\000o\000r\000k}{chapter.32}% 65
\BOOKMARK [1][]{section.32.7}{\376\377\0003\0002\000.\0007\000\040\000P\000h\000a\000s\000e\000\040\0007\000\040\000I\000d\000e\000n\000t\000i\000t\000y\000\040\000a\000n\000d\000\040\000P\000r\000i\000v\000a\000c\000y\000\040\000M\000a\000n\000a\000g\000e\000m\000e\000n\000t}{chapter.32}% 66
\BOOKMARK [1][]{section.32.8}{\376\377\0003\0002\000.\0008\000\040\000P\000h\000a\000s\000e\000\040\0008\000\040\000C\000o\000m\000p\000a\000n\000y\000\040\000D\000a\000t\000a\000b\000a\000s\000e\000\040\000S\000y\000s\000t\000e\000m}{chapter.32}% 67
\BOOKMARK [1][]{section.32.9}{\376\377\0003\0002\000.\0009\000\040\000P\000h\000a\000s\000e\000\040\0009\000\040\000R\000e\000q\000u\000e\000s\000t\000\040\000G\000e\000n\000e\000r\000a\000t\000i\000o\000n\000\040\000E\000n\000g\000i\000n\000e}{chapter.32}% 68
\BOOKMARK [1][]{section.32.10}{\376\377\0003\0002\000.\0001\0000\000\040\000P\000h\000a\000s\000e\000\040\0001\0000\000\040\000E\000m\000a\000i\000l\000\040\000I\000n\000t\000e\000g\000r\000a\000t\000i\000o\000n}{chapter.32}% 69
\BOOKMARK [1][]{section.32.11}{\376\377\0003\0002\000.\0001\0001\000\040\000P\000h\000a\000s\000e\000\040\0001\0001\000\040\000A\000u\000t\000o\000m\000a\000t\000i\000o\000n\000\040\000F\000r\000a\000m\000e\000w\000o\000r\000k}{chapter.32}% 70
\BOOKMARK [1][]{section.32.12}{\376\377\0003\0002\000.\0001\0002\000\040\000P\000h\000a\000s\000e\000\040\0001\0002\000\040\000P\000l\000u\000g\000i\000n\000\040\000S\000y\000s\000t\000e\000m}{chapter.32}% 71
\BOOKMARK [1][]{section.32.13}{\376\377\0003\0002\000.\0001\0003\000\040\000P\000h\000a\000s\000e\000\040\0001\0003\000\040\000U\000s\000e\000r\000\040\000E\000x\000p\000e\000r\000i\000e\000n\000c\000e\000\040\000R\000e\000f\000i\000n\000e\000m\000e\000n\000t}{chapter.32}% 72
\BOOKMARK [1][]{section.32.14}{\376\377\0003\0002\000.\0001\0004\000\040\000P\000h\000a\000s\000e\000\040\0001\0004\000\040\000T\000e\000s\000t\000i\000n\000g\000\040\000a\000n\000d\000\040\000S\000e\000c\000u\000r\000t\000i\000y\000\040\000R\000e\000v\000i\000e\000w}{chapter.32}% 73
\BOOKMARK [1][]{section.32.15}{\376\377\0003\0002\000.\0001\0005\000\040\000P\000h\000a\000s\000e\000\040\0001\0005\000\040\000P\000u\000b\000l\000i\000c\000\040\000R\000e\000l\000e\000a\000s\000e}{chapter.32}% 74
\BOOKMARK [1][]{section.32.16}{\376\377\0003\0002\000.\0001\0006\000\040\000G\000u\000i\000d\000i\000n\000g\000\040\000P\000r\000i\000n\000c\000i\000p\000l\000e}{chapter.32}% 75
