\BOOKMARK [0][]{chapter.1}{\376\377\0001\000\040\000R\000e\000q\000u\000i\000r\000e\000m\000e\000n\000t\000s\000\040\000S\000p\000e\000c\000i\000f\000i\000c\000a\000t\000i\000o\000n\000\040\000a\000n\000d\000\040\000G\000o\000v\000e\000r\000n\000a\000n\000c\000e\000\040\000F\000o\000u\000n\000d\000a\000t\000i\000o\000n}{}% 1
\BOOKMARK [1][]{section.1.1}{\376\377\0001\000.\0001\000\040\000R\000e\000q\000u\000i\000r\000e\000m\000e\000n\000t\000s\000\040\000S\000p\000e\000c\000i\000f\000i\000c\000a\000t\000i\000o\000n\000\040\000S\000t\000a\000t\000u\000s}{chapter.1}% 2
\BOOKMARK [1][]{section.1.2}{\376\377\0001\000.\0002\000\040\000C\000o\000n\000t\000r\000i\000b\000u\000t\000i\000o\000n\000\040\000G\000u\000i\000d\000e\000l\000i\000n\000e\000s}{chapter.1}% 3
\BOOKMARK [1][]{section.1.3}{\376\377\0001\000.\0003\000\040\000I\000n\000i\000t\000i\000a\000l\000\040\000G\000o\000v\000e\000r\000n\000a\000n\000c\000e\000\040\000M\000o\000d\000e\000l}{chapter.1}% 4
\BOOKMARK [0][]{chapter.2}{\376\377\0002\000\040\000S\000y\000s\000t\000e\000m\000\040\000A\000r\000c\000h\000i\000t\000e\000c\000t\000u\000r\000e}{}% 5
\BOOKMARK [1][]{section.2.1}{\376\377\0002\000.\0001\000\040\000C\000o\000r\000e\000\040\000T\000e\000c\000h\000n\000o\000l\000o\000g\000y\000\040\000S\000t\000a\000c\000k}{chapter.2}% 6
\BOOKMARK [1][]{section.2.2}{\376\377\0002\000.\0002\000\040\000G\000U\000I\000\040\000F\000r\000a\000m\000e\000w\000o\000r\000k}{chapter.2}% 7
\BOOKMARK [1][]{section.2.3}{\376\377\0002\000.\0003\000\040\000I\000n\000t\000e\000r\000n\000a\000l\000\040\000C\000o\000m\000p\000o\000n\000e\000n\000t\000\040\000C\000o\000m\000m\000u\000n\000i\000c\000a\000t\000i\000o\000n}{chapter.2}% 8
\BOOKMARK [1][]{section.2.4}{\376\377\0002\000.\0004\000\040\000P\000l\000u\000g\000i\000n\000\040\000S\000a\000n\000d\000b\000o\000x\000i\000n\000g\000\040\000M\000e\000c\000h\000a\000n\000i\000s\000m}{chapter.2}% 9
\BOOKMARK [1][]{section.2.5}{\376\377\0002\000.\0005\000\040\000C\000o\000n\000c\000u\000r\000r\000e\000n\000c\000y\000\040\000M\000o\000d\000e\000l}{chapter.2}% 10
\BOOKMARK [1][]{section.2.6}{\376\377\0002\000.\0006\000\040\000C\000r\000y\000p\000t\000o\000g\000r\000a\000p\000h\000y\000\040\000L\000i\000b\000r\000a\000r\000y}{chapter.2}% 11
\BOOKMARK [1][]{section.2.7}{\376\377\0002\000.\0007\000\040\000P\000a\000c\000k\000a\000g\000i\000n\000g\000\040\000a\000n\000d\000\040\000D\000i\000s\000t\000r\000i\000b\000u\000t\000i\000o\000n}{chapter.2}% 12
\BOOKMARK [1][]{section.2.8}{\376\377\0002\000.\0008\000\040\000U\000p\000d\000a\000t\000e\000\040\000D\000e\000l\000i\000v\000e\000r\000y}{chapter.2}% 13
\BOOKMARK [0][]{chapter.3}{\376\377\0003\000\040\000D\000a\000t\000a\000b\000a\000s\000e\000\040\000a\000n\000d\000\040\000D\000a\000t\000a\000\040\000M\000o\000d\000e\000l\000\040\000D\000e\000s\000i\000g\000n}{}% 14
\BOOKMARK [1][]{section.3.1}{\376\377\0003\000.\0001\000\040\000V\000a\000u\000l\000t\000\040\000S\000t\000o\000r\000a\000g\000e\000\040\000E\000n\000g\000i\000n\000e}{chapter.3}% 15
\BOOKMARK [1][]{section.3.2}{\376\377\0003\000.\0002\000\040\000T\000a\000s\000k\000\040\000Q\000u\000e\000u\000e\000\040\000S\000t\000o\000r\000a\000g\000e}{chapter.3}% 16
\BOOKMARK [1][]{section.3.3}{\376\377\0003\000.\0003\000\040\000G\000l\000o\000b\000a\000l\000\040\000C\000o\000m\000p\000a\000n\000y\000\040\000D\000a\000t\000a\000b\000a\000s\000e\000\040\000F\000o\000r\000m\000a\000t}{chapter.3}% 17
\BOOKMARK [1][]{section.3.4}{\376\377\0003\000.\0004\000\040\000G\000l\000o\000b\000a\000l\000\040\000C\000o\000m\000p\000a\000n\000y\000\040\000D\000a\000t\000a\000b\000a\000s\000e\000\040\000S\000y\000n\000c\000h\000r\000o\000n\000i\000z\000a\000t\000i\000o\000n}{chapter.3}% 18
\BOOKMARK [1][]{section.3.5}{\376\377\0003\000.\0005\000\040\000L\000o\000c\000a\000l\000\040\000C\000o\000m\000p\000a\000n\000y\000\040\000D\000a\000t\000a\000b\000a\000s\000e}{chapter.3}% 19
\BOOKMARK [1][]{section.3.6}{\376\377\0003\000.\0006\000\040\000V\000a\000u\000l\000t\000\040\000I\000n\000t\000e\000r\000n\000a\000l\000\040\000S\000c\000h\000e\000m\000a}{chapter.3}% 20
\BOOKMARK [1][]{section.3.7}{\376\377\0003\000.\0007\000\040\000P\000l\000u\000g\000i\000n\000\040\000M\000e\000t\000a\000d\000a\000t\000a\000\040\000S\000t\000o\000r\000a\000g\000e}{chapter.3}% 21
\BOOKMARK [1][]{section.3.8}{\376\377\0003\000.\0008\000\040\000R\000e\000q\000u\000e\000s\000t\000\040\000H\000i\000s\000t\000o\000r\000y\000\040\000R\000e\000t\000e\000n\000t\000i\000o\000n}{chapter.3}% 22
\BOOKMARK [0][]{chapter.4}{\376\377\0004\000\040\000R\000e\000p\000o\000s\000i\000t\000o\000r\000y\000\040\000a\000n\000d\000\040\000D\000e\000v\000e\000l\000o\000p\000m\000e\000n\000t\000\040\000E\000n\000v\000i\000r\000o\000n\000m\000e\000n\000t}{}% 23
\BOOKMARK [1][]{section.4.1}{\376\377\0004\000.\0001\000\040\000R\000e\000p\000o\000s\000i\000t\000o\000r\000y\000\040\000S\000t\000r\000u\000c\000t\000u\000r\000e}{chapter.4}% 24
\BOOKMARK [1][]{section.4.2}{\376\377\0004\000.\0002\000\040\000B\000r\000a\000n\000c\000h\000i\000n\000g\000\040\000S\000t\000r\000a\000t\000e\000g\000y}{chapter.4}% 25
\BOOKMARK [1][]{section.4.3}{\376\377\0004\000.\0003\000\040\000R\000e\000p\000o\000s\000i\000t\000o\000r\000y\000\040\000H\000o\000s\000t\000i\000n\000g}{chapter.4}% 26
\BOOKMARK [1][]{section.4.4}{\376\377\0004\000.\0004\000\040\000C\000o\000d\000e\000\040\000F\000o\000r\000m\000a\000t\000t\000i\000n\000g\000\040\000a\000n\000d\000\040\000L\000i\000n\000t\000i\000n\000g}{chapter.4}% 27
\BOOKMARK [1][]{section.4.5}{\376\377\0004\000.\0005\000\040\000S\000t\000a\000t\000i\000c\000\040\000T\000y\000p\000e\000\040\000C\000h\000e\000c\000k\000i\000n\000g}{chapter.4}% 28
\BOOKMARK [1][]{section.4.6}{\376\377\0004\000.\0006\000\040\000T\000e\000s\000t\000i\000n\000g\000\040\000F\000r\000a\000m\000e\000w\000o\000r\000k}{chapter.4}% 29
\BOOKMARK [1][]{section.4.7}{\376\377\0004\000.\0007\000\040\000C\000o\000n\000t\000i\000n\000u\000o\000u\000s\000\040\000I\000n\000t\000e\000g\000r\000a\000t\000i\000o\000n}{chapter.4}% 30
\BOOKMARK [1][]{section.4.8}{\376\377\0004\000.\0008\000\040\000P\000r\000e\000-\000C\000o\000m\000m\000i\000t\000\040\000H\000o\000o\000k\000s}{chapter.4}% 31
\BOOKMARK [1][]{section.4.9}{\376\377\0004\000.\0009\000\040\000D\000e\000p\000e\000n\000d\000e\000n\000c\000y\000\040\000V\000u\000l\000n\000e\000r\000a\000b\000i\000l\000i\000t\000y\000\040\000S\000c\000a\000n\000n\000i\000n\000g}{chapter.4}% 32
\BOOKMARK [1][]{section.4.10}{\376\377\0004\000.\0001\0000\000\040\000I\000s\000s\000u\000e\000\040\000a\000n\000d\000\040\000P\000u\000l\000l\000\040\000R\000e\000q\000u\000e\000s\000t\000\040\000T\000e\000m\000p\000l\000a\000t\000e\000s}{chapter.4}% 33
\BOOKMARK [0][]{chapter.5}{\376\377\0005\000\040\000S\000e\000c\000u\000r\000i\000t\000y\000\040\000F\000o\000u\000n\000d\000a\000t\000i\000o\000n}{}% 34
\BOOKMARK [1][]{section.5.1}{\376\377\0005\000.\0001\000\040\000A\000p\000p\000l\000i\000c\000a\000t\000i\000o\000n\000\040\000C\000o\000n\000f\000i\000g\000u\000r\000a\000t\000i\000o\000n\000\040\000S\000t\000o\000r\000a\000g\000e}{chapter.5}% 35
\BOOKMARK [1][]{section.5.2}{\376\377\0005\000.\0002\000\040\000P\000a\000s\000s\000w\000o\000r\000d\000\040\000S\000t\000r\000e\000n\000g\000t\000h\000\040\000V\000a\000l\000i\000d\000a\000t\000i\000o\000n}{chapter.5}% 36
\BOOKMARK [1][]{section.5.3}{\376\377\0005\000.\0003\000\040\000V\000a\000u\000l\000t\000\040\000A\000u\000t\000o\000-\000L\000o\000c\000k}{chapter.5}% 37
\BOOKMARK [1][]{section.5.4}{\376\377\0005\000.\0004\000\040\000S\000e\000c\000u\000r\000e\000\040\000L\000o\000g\000g\000i\000n\000g}{chapter.5}% 38
\BOOKMARK [1][]{section.5.5}{\376\377\0005\000.\0005\000\040\000P\000l\000u\000g\000i\000n\000\040\000P\000e\000r\000m\000i\000s\000s\000i\000o\000n\000\040\000E\000n\000f\000o\000r\000c\000e\000m\000e\000n\000t}{chapter.5}% 39
\BOOKMARK [1][]{section.5.6}{\376\377\0005\000.\0006\000\040\000A\000r\000g\000o\000n\0002\000i\000d\000\040\000P\000a\000r\000a\000m\000e\000t\000e\000r\000\040\000C\000a\000l\000i\000b\000r\000a\000t\000i\000o\000n}{chapter.5}% 40
\BOOKMARK [1][]{section.5.7}{\376\377\0005\000.\0007\000\040\000M\000e\000m\000o\000r\000y\000\040\000P\000r\000o\000t\000e\000c\000t\000i\000o\000n\000\040\000f\000o\000r\000\040\000K\000e\000y\000\040\000M\000a\000t\000e\000r\000i\000a\000l}{chapter.5}% 41
\BOOKMARK [1][]{section.5.8}{\376\377\0005\000.\0008\000\040\000F\000a\000i\000l\000e\000d\000\040\000U\000n\000l\000o\000c\000k\000\040\000A\000t\000t\000e\000m\000p\000t\000\040\000R\000a\000t\000e\000\040\000L\000i\000m\000i\000t\000i\000n\000g}{chapter.5}% 42
\BOOKMARK [0][]{chapter.6}{\376\377\0006\000\040\000C\000o\000r\000e\000\040\000A\000p\000p\000l\000i\000c\000a\000t\000i\000o\000n\000\040\000F\000r\000a\000m\000e\000w\000o\000r\000k}{}% 43
\BOOKMARK [1][]{section.6.1}{\376\377\0006\000.\0001\000\040\000G\000U\000I\000\040\000N\000a\000v\000i\000g\000a\000t\000i\000o\000n\000\040\000P\000a\000t\000t\000e\000r\000n}{chapter.6}% 44
\BOOKMARK [1][]{section.6.2}{\376\377\0006\000.\0002\000\040\000S\000e\000t\000t\000i\000n\000g\000s\000\040\000A\000p\000p\000l\000i\000c\000a\000t\000i\000o\000n\000\040\000B\000e\000h\000a\000v\000i\000o\000r}{chapter.6}% 45
\BOOKMARK [1][]{section.6.3}{\376\377\0006\000.\0003\000\040\000U\000p\000d\000a\000t\000e\000\040\000C\000h\000e\000c\000k\000\040\000T\000i\000m\000i\000n\000g}{chapter.6}% 46
\BOOKMARK [1][]{section.6.4}{\376\377\0006\000.\0004\000\040\000B\000a\000c\000k\000u\000p\000\040\000F\000r\000a\000m\000e\000w\000o\000r\000k\000\040\000S\000c\000o\000p\000e}{chapter.6}% 47
\BOOKMARK [1][]{section.6.5}{\376\377\0006\000.\0005\000\040\000B\000a\000c\000k\000u\000p\000\040\000S\000c\000h\000e\000d\000u\000l\000i\000n\000g}{chapter.6}% 48
\BOOKMARK [1][]{section.6.6}{\376\377\0006\000.\0006\000\040\000I\000n\000t\000e\000r\000n\000a\000l\000\040\000E\000v\000e\000n\000t\000\040\000N\000o\000t\000i\000f\000i\000c\000a\000t\000i\000o\000n}{chapter.6}% 49
\BOOKMARK [0][]{chapter.7}{\376\377\0007\000\040\000I\000d\000e\000n\000t\000i\000t\000y\000\040\000a\000n\000d\000\040\000P\000r\000i\000v\000a\000c\000y\000\040\000M\000a\000n\000a\000g\000e\000r}{}% 50
\BOOKMARK [1][]{section.7.1}{\376\377\0007\000.\0001\000\040\000P\000r\000i\000v\000a\000c\000y\000\040\000R\000u\000l\000e\000\040\000E\000n\000g\000i\000n\000e}{chapter.7}% 51
\BOOKMARK [1][]{section.7.2}{\376\377\0007\000.\0002\000\040\000P\000r\000i\000v\000a\000c\000y\000\040\000S\000c\000o\000r\000e\000\040\000C\000a\000l\000c\000u\000l\000a\000t\000i\000o\000n}{chapter.7}% 52
\BOOKMARK [1][]{section.7.3}{\376\377\0007\000.\0003\000\040\000D\000a\000t\000a\000\040\000M\000i\000n\000i\000m\000i\000z\000a\000t\000i\000o\000n\000\040\000E\000n\000g\000i\000n\000e}{chapter.7}% 53
\BOOKMARK [1][]{section.7.4}{\376\377\0007\000.\0004\000\040\000D\000o\000c\000u\000m\000e\000n\000t\000\040\000M\000e\000t\000a\000d\000a\000t\000a\000\040\000R\000e\000m\000o\000v\000a\000l}{chapter.7}% 54
\BOOKMARK [1][]{section.7.5}{\376\377\0007\000.\0005\000\040\000R\000e\000d\000a\000c\000t\000i\000o\000n\000,\000\040\000C\000r\000o\000p\000p\000i\000n\000g\000,\000\040\000a\000n\000d\000\040\000W\000a\000t\000e\000r\000m\000a\000r\000k\000i\000n\000g}{chapter.7}% 55
\BOOKMARK [0][]{chapter.8}{\376\377\0008\000\040\000C\000o\000m\000p\000a\000n\000y\000\040\000D\000a\000t\000a\000b\000a\000s\000e\000\040\000S\000y\000s\000t\000e\000m}{}% 56
\BOOKMARK [1][]{section.8.1}{\376\377\0008\000.\0001\000\040\000C\000o\000m\000p\000a\000n\000y\000\040\000S\000e\000a\000r\000c\000h}{chapter.8}% 57
\BOOKMARK [1][]{section.8.2}{\376\377\0008\000.\0002\000\040\000C\000o\000m\000p\000a\000n\000y\000\040\000C\000a\000t\000e\000g\000o\000r\000i\000z\000a\000t\000i\000o\000n}{chapter.8}% 58
\BOOKMARK [1][]{section.8.3}{\376\377\0008\000.\0003\000\040\000G\000l\000o\000b\000a\000l\000\040\000C\000o\000m\000p\000a\000n\000y\000\040\000D\000a\000t\000a\000b\000a\000s\000e\000\040\000S\000y\000n\000c\000\040\000T\000i\000m\000i\000n\000g}{chapter.8}% 59
\BOOKMARK [1][]{section.8.4}{\376\377\0008\000.\0004\000\040\000C\000o\000m\000p\000a\000n\000y\000\040\000S\000u\000b\000m\000i\000s\000s\000i\000o\000n\000\040\000I\000n\000t\000e\000r\000f\000a\000c\000e}{chapter.8}% 60
\BOOKMARK [1][]{section.8.5}{\376\377\0008\000.\0005\000\040\000L\000o\000c\000a\000l\000\040\000E\000d\000i\000t\000\040\000C\000o\000n\000f\000l\000i\000c\000t\000\040\000H\000a\000n\000d\000l\000i\000n\000g}{chapter.8}% 61
\BOOKMARK [0][]{chapter.9}{\376\377\0009\000\040\000R\000e\000q\000u\000e\000s\000t\000\040\000G\000e\000n\000e\000r\000a\000t\000i\000o\000n\000\040\000E\000n\000g\000i\000n\000e}{}% 62
\BOOKMARK [1][]{section.9.1}{\376\377\0009\000.\0001\000\040\000T\000e\000m\000p\000l\000a\000t\000e\000\040\000C\000o\000m\000p\000o\000s\000i\000t\000i\000o\000n\000\040\000M\000o\000d\000e\000l}{chapter.9}% 63
\BOOKMARK [1][]{section.9.2}{\376\377\0009\000.\0002\000\040\000T\000e\000m\000p\000l\000a\000t\000e\000\040\000L\000a\000y\000e\000r\000\040\000S\000t\000o\000r\000a\000g\000e}{chapter.9}% 64
\BOOKMARK [1][]{section.9.3}{\376\377\0009\000.\0003\000\040\000R\000e\000q\000u\000e\000s\000t\000\040\000P\000r\000e\000v\000i\000e\000w\000\040\000S\000y\000s\000t\000e\000m}{chapter.9}% 65
\BOOKMARK [0][]{chapter.10}{\376\377\0001\0000\000\040\000E\000m\000a\000i\000l\000\040\000I\000n\000t\000e\000g\000r\000a\000t\000i\000o\000n}{}% 66
\BOOKMARK [1][]{section.10.1}{\376\377\0001\0000\000.\0001\000\040\000P\000r\000o\000v\000i\000d\000e\000r\000\040\000A\000u\000t\000h\000e\000n\000t\000i\000c\000a\000t\000i\000o\000n}{chapter.10}% 67
\BOOKMARK [1][]{section.10.2}{\376\377\0001\0000\000.\0002\000\040\000P\000r\000o\000t\000o\000n\000\040\000M\000a\000i\000l\000\040\000I\000n\000t\000e\000g\000r\000a\000t\000i\000o\000n}{chapter.10}% 68
\BOOKMARK [1][]{section.10.3}{\376\377\0001\0000\000.\0003\000\040\000V\000e\000r\000i\000f\000i\000c\000a\000t\000i\000o\000n\000\040\000a\000n\000d\000\040\000D\000e\000a\000d\000l\000i\000n\000e\000\040\000D\000e\000t\000e\000c\000t\000i\000o\000n}{chapter.10}% 69
\BOOKMARK [1][]{section.10.4}{\376\377\0001\0000\000.\0004\000\040\000I\000M\000A\000P\000/\000S\000M\000T\000P\000\040\000P\000r\000o\000t\000o\000c\000o\000l\000\040\000H\000a\000n\000d\000l\000i\000n\000g}{chapter.10}% 70
\BOOKMARK [1][]{section.10.5}{\376\377\0001\0000\000.\0005\000\040\000C\000o\000n\000v\000e\000r\000s\000a\000t\000i\000o\000n\000\040\000T\000h\000r\000e\000a\000d\000i\000n\000g}{chapter.10}% 71
\BOOKMARK [1][]{section.10.6}{\376\377\0001\0000\000.\0006\000\040\000B\000o\000u\000n\000c\000e\000\040\000D\000e\000t\000e\000c\000t\000i\000o\000n}{chapter.10}% 72
\BOOKMARK [0][]{chapter.11}{\376\377\0001\0001\000\040\000A\000u\000t\000o\000m\000a\000t\000i\000o\000n\000\040\000F\000r\000a\000m\000e\000w\000o\000r\000k}{}% 73
\BOOKMARK [1][]{section.11.1}{\376\377\0001\0001\000.\0001\000\040\000B\000r\000o\000w\000s\000e\000r\000\040\000A\000u\000t\000o\000m\000a\000t\000i\000o\000n\000\040\000E\000n\000g\000i\000n\000e}{chapter.11}% 74
\BOOKMARK [1][]{section.11.2}{\376\377\0001\0001\000.\0002\000\040\000A\000u\000t\000o\000m\000a\000t\000i\000o\000n\000\040\000V\000i\000s\000i\000b\000i\000l\000i\000t\000y}{chapter.11}% 75
\BOOKMARK [1][]{section.11.3}{\376\377\0001\0001\000.\0003\000\040\000C\000A\000P\000T\000C\000H\000A\000\040\000D\000e\000t\000e\000c\000t\000i\000o\000n}{chapter.11}% 76
\BOOKMARK [1][]{section.11.4}{\376\377\0001\0001\000.\0004\000\040\000C\000o\000m\000p\000a\000n\000y\000-\000S\000p\000e\000c\000i\000f\000i\000c\000\040\000A\000u\000t\000o\000m\000a\000t\000i\000o\000n\000\040\000S\000t\000r\000u\000c\000t\000u\000r\000e}{chapter.11}% 77
\BOOKMARK [1][]{section.11.5}{\376\377\0001\0001\000.\0005\000\040\000A\000u\000t\000o\000m\000a\000t\000i\000o\000n\000\040\000S\000t\000a\000t\000u\000s\000\040\000R\000e\000p\000o\000r\000t\000i\000n\000g}{chapter.11}% 78
\BOOKMARK [1][]{section.11.6}{\376\377\0001\0001\000.\0006\000\040\000A\000u\000t\000o\000m\000a\000t\000i\000o\000n\000\040\000R\000a\000t\000e\000\040\000L\000i\000m\000i\000t\000i\000n\000g}{chapter.11}% 79
\BOOKMARK [1][]{section.11.7}{\376\377\0001\0001\000.\0007\000\040\000M\000a\000n\000u\000a\000l\000\040\000A\000s\000s\000i\000s\000t\000a\000n\000c\000e\000\040\000M\000o\000d\000e}{chapter.11}% 80
\BOOKMARK [0][]{chapter.12}{\376\377\0001\0002\000\040\000P\000l\000u\000g\000i\000n\000\040\000S\000y\000s\000t\000e\000m}{}% 81
\BOOKMARK [1][]{section.12.1}{\376\377\0001\0002\000.\0001\000\040\000P\000l\000u\000g\000i\000n\000\040\000S\000i\000g\000n\000i\000n\000g\000\040\000a\000n\000d\000\040\000T\000r\000u\000s\000t\000\040\000M\000o\000d\000e\000l}{chapter.12}% 82
\BOOKMARK [1][]{section.12.2}{\376\377\0001\0002\000.\0002\000\040\000P\000e\000r\000m\000i\000s\000s\000i\000o\000n\000\040\000G\000r\000a\000n\000t\000i\000n\000g}{chapter.12}% 83
\BOOKMARK [1][]{section.12.3}{\376\377\0001\0002\000.\0003\000\040\000P\000l\000u\000g\000i\000n\000\040\000M\000a\000n\000a\000g\000e\000m\000e\000n\000t\000\040\000I\000n\000t\000e\000r\000f\000a\000c\000e}{chapter.12}% 84
\BOOKMARK [1][]{section.12.4}{\376\377\0001\0002\000.\0004\000\040\000P\000l\000u\000g\000i\000n\000\040\000D\000i\000s\000c\000o\000v\000e\000r\000y\000\040\000a\000n\000d\000\040\000I\000n\000s\000t\000a\000l\000l\000a\000t\000i\000o\000n}{chapter.12}% 85
\BOOKMARK [1][]{section.12.5}{\376\377\0001\0002\000.\0005\000\040\000R\000e\000v\000o\000c\000a\000t\000i\000o\000n\000\040\000o\000f\000\040\000C\000o\000m\000p\000r\000o\000m\000i\000s\000e\000d\000\040\000P\000l\000u\000g\000i\000n\000s\000\040\000o\000r\000\040\000A\000u\000t\000h\000o\000r\000\040\000K\000e\000y\000s}{chapter.12}% 86
\BOOKMARK [1][]{section.12.6}{\376\377\0001\0002\000.\0006\000\040\000S\000a\000n\000d\000b\000o\000x\000\040\000R\000e\000s\000o\000u\000r\000c\000e\000\040\000L\000i\000m\000i\000t\000s}{chapter.12}% 87
\BOOKMARK [0][]{chapter.13}{\376\377\0001\0003\000\040\000U\000s\000e\000r\000\040\000E\000x\000p\000e\000r\000i\000e\000n\000c\000e\000\040\000R\000e\000f\000i\000n\000e\000m\000e\000n\000t}{}% 88
\BOOKMARK [1][]{section.13.1}{\376\377\0001\0003\000.\0001\000\040\000A\000c\000c\000e\000s\000s\000i\000b\000i\000l\000i\000t\000y\000\040\000T\000a\000r\000g\000e\000t}{chapter.13}% 89
\BOOKMARK [1][]{section.13.2}{\376\377\0001\0003\000.\0002\000\040\000F\000i\000r\000s\000t\000-\000L\000a\000u\000n\000c\000h\000\040\000O\000n\000b\000o\000a\000r\000d\000i\000n\000g}{chapter.13}% 90
\BOOKMARK [1][]{section.13.3}{\376\377\0001\0003\000.\0003\000\040\000D\000o\000c\000u\000m\000e\000n\000t\000a\000t\000i\000o\000n\000\040\000M\000a\000i\000n\000t\000e\000n\000a\000n\000c\000e\000\040\000a\000n\000d\000\040\000P\000u\000b\000l\000i\000s\000h\000i\000n\000g}{chapter.13}% 91
\BOOKMARK [1][]{section.13.4}{\376\377\0001\0003\000.\0004\000\040\000S\000e\000a\000r\000c\000h\000\040\000S\000c\000o\000p\000e}{chapter.13}% 92
\BOOKMARK [1][]{section.13.5}{\376\377\0001\0003\000.\0005\000\040\000E\000r\000r\000o\000r\000\040\000H\000a\000n\000d\000l\000i\000n\000g\000\040\000a\000n\000d\000\040\000B\000u\000g\000\040\000R\000e\000p\000o\000r\000t\000i\000n\000g}{chapter.13}% 93
\BOOKMARK [0][]{chapter.14}{\376\377\0001\0004\000\040\000T\000e\000s\000t\000i\000n\000g\000\040\000a\000n\000d\000\040\000S\000e\000r\000v\000i\000c\000e\000\040\000R\000e\000v\000i\000e\000w}{}% 94
\BOOKMARK [1][]{section.14.1}{\376\377\0001\0004\000.\0001\000\040\000T\000e\000s\000t\000\040\000C\000o\000v\000e\000r\000a\000g\000e\000\040\000P\000o\000l\000i\000c\000y}{chapter.14}% 95
\BOOKMARK [1][]{section.14.2}{\376\377\0001\0004\000.\0002\000\040\000E\000n\000d\000-\000t\000o\000-\000E\000n\000d\000\040\000a\000n\000d\000\040\000G\000U\000I\000\040\000T\000e\000s\000t\000i\000n\000g}{chapter.14}% 96
\BOOKMARK [1][]{section.14.3}{\376\377\0001\0004\000.\0003\000\040\000V\000u\000l\000n\000e\000r\000a\000b\000i\000l\000i\000t\000y\000\040\000D\000i\000s\000c\000l\000o\000s\000u\000r\000e\000\040\000P\000r\000o\000c\000e\000s\000s}{chapter.14}% 97
\BOOKMARK [1][]{section.14.4}{\376\377\0001\0004\000.\0004\000\040\000A\000u\000t\000o\000m\000a\000t\000e\000d\000\040\000S\000t\000a\000t\000i\000c\000\040\000S\000e\000c\000u\000r\000i\000t\000y\000\040\000A\000n\000a\000l\000y\000s\000i\000s}{chapter.14}% 98
\BOOKMARK [1][]{section.14.5}{\376\377\0001\0004\000.\0005\000\040\000F\000u\000z\000z\000\040\000T\000e\000s\000t\000i\000n\000g}{chapter.14}% 99
\BOOKMARK [1][]{section.14.6}{\376\377\0001\0004\000.\0006\000\040\000P\000e\000r\000f\000o\000r\000m\000a\000n\000c\000e\000\040\000T\000e\000s\000t\000i\000n\000g}{chapter.14}% 100
\BOOKMARK [1][]{section.14.7}{\376\377\0001\0004\000.\0007\000\040\000P\000r\000e\000-\000R\000e\000l\000e\000a\000s\000e\000\040\000C\000o\000m\000m\000u\000n\000i\000t\000y\000\040\000R\000e\000v\000i\000e\000w\000\040\000W\000i\000n\000d\000o\000w}{chapter.14}% 101
\BOOKMARK [1][]{section.14.8}{\376\377\0001\0004\000.\0008\000\040\000R\000e\000l\000e\000a\000s\000e\000\040\000C\000a\000n\000d\000i\000d\000a\000t\000e\000\040\000P\000r\000o\000m\000o\000t\000i\000o\000n\000\040\000C\000r\000i\000t\000e\000r\000i\000a}{chapter.14}% 102
\BOOKMARK [0][]{chapter.15}{\376\377\0001\0005\000\040\000P\000u\000b\000l\000i\000c\000\040\000R\000e\000l\000e\000a\000s\000e}{}% 103
\BOOKMARK [1][]{section.15.1}{\376\377\0001\0005\000.\0001\000\040\000V\000e\000r\000s\000i\000o\000n\000i\000n\000g\000\040\000S\000c\000h\000e\000m\000e}{chapter.15}% 104
\BOOKMARK [1][]{section.15.2}{\376\377\0001\0005\000.\0002\000\040\000R\000e\000l\000e\000a\000s\000e\000\040\000B\000i\000n\000a\000r\000y\000\040\000D\000i\000s\000t\000r\000i\000b\000u\000t\000i\000o\000n}{chapter.15}% 105
\BOOKMARK [1][]{section.15.3}{\376\377\0001\0005\000.\0003\000\040\000P\000o\000s\000t\000-\000R\000e\000l\000e\000a\000s\000e\000\040\000R\000o\000a\000d\000m\000a\000p\000\040\000P\000u\000b\000l\000i\000c\000a\000t\000i\000o\000n}{chapter.15}% 106
\BOOKMARK [1][]{section.15.4}{\376\377\0001\0005\000.\0004\000\040\000T\000i\000m\000i\000n\000g\000\040\000o\000f\000\040\000E\000x\000t\000e\000r\000n\000a\000l\000\040\000C\000o\000m\000m\000u\000n\000i\000t\000y\000\040\000C\000o\000n\000t\000r\000i\000b\000u\000t\000i\000o\000n\000s}{chapter.15}% 107
\BOOKMARK [1][]{section.15.5}{\376\377\0001\0005\000.\0005\000\040\000L\000i\000c\000e\000n\000s\000e\000\040\000P\000u\000b\000l\000i\000c\000a\000t\000i\000o\000n}{chapter.15}% 108
